# Copyright (c) 2015 - 2021, Intel Corporation
#
# Redistribution and use in source and binary forms, with or without
# modification, are permitted provided that the following conditions
# are met:
#
#     * Redistributions of source code must retain the above copyright
#       notice, this list of conditions and the following disclaimer.
#
#     * Redistributions in binary form must reproduce the above copyright
#       notice, this list of conditions and the following disclaimer in
#       the documentation and/or other materials provided with the
#       distribution.
#
#     * Neither the name of Intel Corporation nor the names of its
#       contributors may be used to endorse or promote products derived
#       from this software without specific prior written permission.
#
# THIS SOFTWARE IS PROVIDED BY THE COPYRIGHT HOLDERS AND CONTRIBUTORS
# "AS IS" AND ANY EXPRESS OR IMPLIED WARRANTIES, INCLUDING, BUT NOT
# LIMITED TO, THE IMPLIED WARRANTIES OF MERCHANTABILITY AND FITNESS FOR
# A PARTICULAR PURPOSE ARE DISCLAIMED. IN NO EVENT SHALL THE COPYRIGHT
# OWNER OR CONTRIBUTORS BE LIABLE FOR ANY DIRECT, INDIRECT, INCIDENTAL,
# SPECIAL, EXEMPLARY, OR CONSEQUENTIAL DAMAGES (INCLUDING, BUT NOT
# LIMITED TO, PROCUREMENT OF SUBSTITUTE GOODS OR SERVICES; LOSS OF USE,
# DATA, OR PROFITS; OR BUSINESS INTERRUPTION) HOWEVER CAUSED AND ON ANY
# THEORY OF LIABILITY, WHETHER IN CONTRACT, STRICT LIABILITY, OR TORT
# (INCLUDING NEGLIGENCE OR OTHERWISE) ARISING IN ANY WAY LOG OF THE USE
# OF THIS SOFTWARE, EVEN IF ADVISED OF THE POSSIBILITY OF SUCH DAMAGE.
# MSR      Write Mask         # Comment
0x00000010 0x0000000000000000 # TIME_STAMP_COUNTER
0x000000ce 0x0000000000000000 # PLATFORM_INFO
0x000000e7 0x0000000000000000 # MPERF
0x000000e8 0x0000000000000000 # APERF
0x0000064e 0x0000000000000000 # PPERF
0x000001a0 0x0000000000000000 # MISC_ENABLE
0x000001a2 0x0000000000000000 # TEMPERATURE_TARGET
0x000001ad 0x0000000000000000 # TURBO_RATIO_LIMIT
0x000001ae 0x0000000000000000 # TURBO_RATIO_LIMIT_CORES
0x00000199 0x000000010000ffff # PERF_CTL
0x00000198 0x0000000000000000 # PERF_STATUS
0x00000309 0xffffffffffffffff # FIXED_CTR0
0x0000030a 0xffffffffffffffff # FIXED_CTR1
0x0000030b 0xffffffffffffffff # FIXED_CTR2
0x0000038d 0x0000000000000bbb # FIXED_CTR_CTRL
0x0000038f 0x000000070000000f # PERF_GLOBAL_CTRL
0x00000390 0xc00000070000000f # PERF_GLOBAL_OVF_CTRL
0x000000C1 0x0000000000000000 # IA32_PMC0
0x000000C2 0x0000000000000000 # IA32_PMC1
0x000000C3 0x0000000000000000 # IA32_PMC2
0x000000C4 0x0000000000000000 # IA32_PMC3
0x00000186 0x00000000ffffffff # IA32_PERF_EVTSEL0
0x00000187 0x00000000ffffffff # IA32_PERF_EVTSEL1
0x00000188 0x00000000ffffffff # IA32_PERF_EVTSEL2
0x00000189 0x00000000ffffffff # IA32_PERF_EVTSEL3
0x00000606 0x0000000000000000 # RAPL_POWER_UNIT
0x00000610 0x00ffffff00ffffff # PKG_POWER_LIMIT
0x00000611 0x0000000000000000 # PKG_ENERGY_STATUS
0x00000614 0x0000000000000000 # PKG_POWER_INFO
0x00000619 0x0000000000000000 # DRAM_ENERGY_STATUS
0x0000061b 0x0000000000000000 # DRAM_PERF_STATUS
0x0000061c 0x0000000000000000 # DRAM_POWER_INFO
0x00000618 0x0000000000ffffff # DRAM_POWER_LIMIT
0x00000620 0x0000000000007f7f # UNCORE_RATIO_LIMIT
0x00000621 0x0000000000000000 # UNCORE_RATIO_STATUS
0x00000e00 0x00000000ffffffff # C0_MSR_PMON_BOX_CTL
0x00000e05 0x00000000ffffffff # C0_MSR_PMON_BOX_FILTER
0x00000e06 0x00000000ffffffff # C0_MSR_PMON_BOX_FILTER1
0x00000e01 0x00000000ffffffff # C0_MSR_PMON_CTL0
0x00000e02 0x00000000ffffffff # C0_MSR_PMON_CTL1
0x00000e08 0x0000000000000000 # C0_MSR_PMON_CTR0
0x00000e09 0x0000000000000000 # C0_MSR_PMON_CTR1
0x00000e0c 0x00000000ffffffff # C1_MSR_PMON_BOX_CTL
0x00000e11 0x00000000ffffffff # C1_MSR_PMON_BOX_FILTER
0x00000e12 0x00000000ffffffff # C1_MSR_PMON_BOX_FILTER1
0x00000e0d 0x00000000ffffffff # C1_MSR_PMON_CTL0
0x00000e0e 0x00000000ffffffff # C1_MSR_PMON_CTL1
0x00000e14 0x0000000000000000 # C1_MSR_PMON_CTR0
0x00000e15 0x0000000000000000 # C1_MSR_PMON_CTR1
0x00000e18 0x00000000ffffffff # C2_MSR_PMON_BOX_CTL
0x00000e1d 0x00000000ffffffff # C2_MSR_PMON_BOX_FILTER
0x00000e1e 0x00000000ffffffff # C2_MSR_PMON_BOX_FILTER1
0x00000e19 0x00000000ffffffff # C2_MSR_PMON_CTL0
0x00000e1a 0x00000000ffffffff # C2_MSR_PMON_CTL1
0x00000e20 0x0000000000000000 # C2_MSR_PMON_CTR0
0x00000e21 0x0000000000000000 # C2_MSR_PMON_CTR1
0x00000e24 0x00000000ffffffff # C3_MSR_PMON_BOX_CTL
0x00000e29 0x00000000ffffffff # C3_MSR_PMON_BOX_FILTER
0x00000e2a 0x00000000ffffffff # C3_MSR_PMON_BOX_FILTER1
0x00000e25 0x00000000ffffffff # C3_MSR_PMON_CTL0
0x00000e26 0x00000000ffffffff # C3_MSR_PMON_CTL1
0x00000e2c 0x0000000000000000 # C3_MSR_PMON_CTR0
0x00000e2d 0x0000000000000000 # C3_MSR_PMON_CTR1
0x00000e30 0x00000000ffffffff # C4_MSR_PMON_BOX_CTL
0x00000e35 0x00000000ffffffff # C4_MSR_PMON_BOX_FILTER
0x00000e36 0x00000000ffffffff # C4_MSR_PMON_BOX_FILTER1
0x00000e31 0x00000000ffffffff # C4_MSR_PMON_CTL0
0x00000e32 0x00000000ffffffff # C4_MSR_PMON_CTL1
0x00000e38 0x0000000000000000 # C4_MSR_PMON_CTR0
0x00000e39 0x0000000000000000 # C4_MSR_PMON_CTR1
0x00000e3c 0x00000000ffffffff # C5_MSR_PMON_BOX_CTL
0x00000e41 0x00000000ffffffff # C5_MSR_PMON_BOX_FILTER
0x00000e42 0x00000000ffffffff # C5_MSR_PMON_BOX_FILTER1
0x00000e3d 0x00000000ffffffff # C5_MSR_PMON_CTL0
0x00000e3e 0x00000000ffffffff # C5_MSR_PMON_CTL1
0x00000e44 0x0000000000000000 # C5_MSR_PMON_CTR0
0x00000e45 0x0000000000000000 # C5_MSR_PMON_CTR1
0x00000e48 0x00000000ffffffff # C6_MSR_PMON_BOX_CTL
0x00000e4d 0x00000000ffffffff # C6_MSR_PMON_BOX_FILTER
0x00000e4e 0x00000000ffffffff # C6_MSR_PMON_BOX_FILTER1
0x00000e49 0x00000000ffffffff # C6_MSR_PMON_CTL0
0x00000e4a 0x00000000ffffffff # C6_MSR_PMON_CTL1
0x00000e50 0x0000000000000000 # C6_MSR_PMON_CTR0
0x00000e51 0x0000000000000000 # C6_MSR_PMON_CTR1
0x00000e54 0x00000000ffffffff # C7_MSR_PMON_BOX_CTL
0x00000e59 0x00000000ffffffff # C7_MSR_PMON_BOX_FILTER
0x00000e5a 0x00000000ffffffff # C7_MSR_PMON_BOX_FILTER1
0x00000e55 0x00000000ffffffff # C7_MSR_PMON_CTL0
0x00000e56 0x00000000ffffffff # C7_MSR_PMON_CTL1
0x00000e5c 0x0000000000000000 # C7_MSR_PMON_CTR0
0x00000e5d 0x0000000000000000 # C7_MSR_PMON_CTR1
0x00000e60 0x00000000ffffffff # C8_MSR_PMON_BOX_CTL
0x00000e65 0x00000000ffffffff # C8_MSR_PMON_BOX_FILTER
0x00000e66 0x00000000ffffffff # C8_MSR_PMON_BOX_FILTER1
0x00000e61 0x00000000ffffffff # C8_MSR_PMON_CTL0
0x00000e62 0x00000000ffffffff # C8_MSR_PMON_CTL1
0x00000e68 0x0000000000000000 # C8_MSR_PMON_CTR0
0x00000e69 0x0000000000000000 # C8_MSR_PMON_CTR1
0x00000e6c 0x00000000ffffffff # C9_MSR_PMON_BOX_CTL
0x00000e71 0x00000000ffffffff # C9_MSR_PMON_BOX_FILTER
0x00000e72 0x00000000ffffffff # C9_MSR_PMON_BOX_FILTER1
0x00000e6d 0x00000000ffffffff # C9_MSR_PMON_CTL0
0x00000e6e 0x00000000ffffffff # C9_MSR_PMON_CTL1
0x00000e74 0x0000000000000000 # C9_MSR_PMON_CTR0
0x00000e75 0x0000000000000000 # C9_MSR_PMON_CTR1
0x00000e78 0x00000000ffffffff # C10_MSR_PMON_BOX_CTL
0x00000e7d 0x00000000ffffffff # C10_MSR_PMON_BOX_FILTER
0x00000e7e 0x00000000ffffffff # C10_MSR_PMON_BOX_FILTER1
0x00000e79 0x00000000ffffffff # C10_MSR_PMON_CTL0
0x00000e7a 0x00000000ffffffff # C10_MSR_PMON_CTL1
0x00000e80 0x0000000000000000 # C10_MSR_PMON_CTR0
0x00000e81 0x0000000000000000 # C10_MSR_PMON_CTR1
0x00000e84 0x00000000ffffffff # C11_MSR_PMON_BOX_CTL
0x00000e89 0x00000000ffffffff # C11_MSR_PMON_BOX_FILTER
0x00000e8a 0x00000000ffffffff # C11_MSR_PMON_BOX_FILTER1
0x00000e85 0x00000000ffffffff # C11_MSR_PMON_CTL0
0x00000e86 0x00000000ffffffff # C11_MSR_PMON_CTL1
0x00000e8c 0x0000000000000000 # C11_MSR_PMON_CTR0
0x00000e8d 0x0000000000000000 # C11_MSR_PMON_CTR1
0x00000e90 0x00000000ffffffff # C12_MSR_PMON_BOX_CTL
0x00000e95 0x00000000ffffffff # C12_MSR_PMON_BOX_FILTER
0x00000e96 0x00000000ffffffff # C12_MSR_PMON_BOX_FILTER1
0x00000e91 0x00000000ffffffff # C12_MSR_PMON_CTL0
0x00000e92 0x00000000ffffffff # C12_MSR_PMON_CTL1
0x00000e98 0x0000000000000000 # C12_MSR_PMON_CTR0
0x00000e99 0x0000000000000000 # C12_MSR_PMON_CTR1
0x00000e9c 0x00000000ffffffff # C13_MSR_PMON_BOX_CTL
0x00000ea1 0x00000000ffffffff # C13_MSR_PMON_BOX_FILTER
0x00000ea2 0x00000000ffffffff # C13_MSR_PMON_BOX_FILTER1
0x00000e9d 0x00000000ffffffff # C13_MSR_PMON_CTL0
0x00000e9e 0x00000000ffffffff # C13_MSR_PMON_CTL1
0x00000ea4 0x0000000000000000 # C13_MSR_PMON_CTR0
0x00000ea5 0x0000000000000000 # C13_MSR_PMON_CTR1
0x00000ea8 0x00000000ffffffff # C14_MSR_PMON_BOX_CTL
0x00000ead 0x00000000ffffffff # C14_MSR_PMON_BOX_FILTER
0x00000eae 0x00000000ffffffff # C14_MSR_PMON_BOX_FILTER1
0x00000ea9 0x00000000ffffffff # C14_MSR_PMON_CTL0
0x00000eaa 0x00000000ffffffff # C14_MSR_PMON_CTL1
0x00000eb0 0x0000000000000000 # C14_MSR_PMON_CTR0
0x00000eb1 0x0000000000000000 # C14_MSR_PMON_CTR1
0x00000eb4 0x00000000ffffffff # C15_MSR_PMON_BOX_CTL
0x00000eb9 0x00000000ffffffff # C15_MSR_PMON_BOX_FILTER
0x00000eba 0x00000000ffffffff # C15_MSR_PMON_BOX_FILTER1
0x00000eb5 0x00000000ffffffff # C15_MSR_PMON_CTL0
0x00000eb6 0x00000000ffffffff # C15_MSR_PMON_CTL1
0x00000ebc 0x0000000000000000 # C15_MSR_PMON_CTR0
0x00000ebd 0x0000000000000000 # C15_MSR_PMON_CTR1
0x00000ec0 0x00000000ffffffff # C16_MSR_PMON_BOX_CTL
0x00000ec5 0x00000000ffffffff # C16_MSR_PMON_BOX_FILTER
0x00000ec6 0x00000000ffffffff # C16_MSR_PMON_BOX_FILTER1
0x00000ec1 0x00000000ffffffff # C16_MSR_PMON_CTL0
0x00000ec2 0x00000000ffffffff # C16_MSR_PMON_CTL1
0x00000ec8 0x0000000000000000 # C16_MSR_PMON_CTR0
0x00000ec9 0x0000000000000000 # C16_MSR_PMON_CTR1
0x00000ecc 0x00000000ffffffff # C17_MSR_PMON_BOX_CTL
0x00000ed1 0x00000000ffffffff # C17_MSR_PMON_BOX_FILTER
0x00000ed2 0x00000000ffffffff # C17_MSR_PMON_BOX_FILTER1
0x00000ecd 0x00000000ffffffff # C17_MSR_PMON_CTL0
0x00000ece 0x00000000ffffffff # C17_MSR_PMON_CTL1
0x00000ed4 0x0000000000000000 # C17_MSR_PMON_CTR0
0x00000ed5 0x0000000000000000 # C17_MSR_PMON_CTR1
0x00000ed8 0x00000000ffffffff # C18_MSR_PMON_BOX_CTL
0x00000edd 0x00000000ffffffff # C18_MSR_PMON_BOX_FILTER
0x00000ede 0x00000000ffffffff # C18_MSR_PMON_BOX_FILTER1
0x00000ed9 0x00000000ffffffff # C18_MSR_PMON_CTL0
0x00000eda 0x00000000ffffffff # C18_MSR_PMON_CTL1
0x00000ee0 0x0000000000000000 # C18_MSR_PMON_CTR0
0x00000eed 0x0000000000000000 # C18_MSR_PMON_CTR1
0x00000ee4 0x00000000ffffffff # C19_MSR_PMON_BOX_CTL
0x00000ee9 0x00000000ffffffff # C19_MSR_PMON_BOX_FILTER
0x00000eea 0x00000000ffffffff # C19_MSR_PMON_BOX_FILTER1
0x00000ee5 0x00000000ffffffff # C19_MSR_PMON_CTL0
0x00000ee6 0x00000000ffffffff # C19_MSR_PMON_CTL1
0x00000eec 0x0000000000000000 # C19_MSR_PMON_CTR0
0x00000ef9 0x0000000000000000 # C19_MSR_PMON_CTR1
0x00000ef0 0x00000000ffffffff # C20_MSR_PMON_BOX_CTL
0x00000ef5 0x00000000ffffffff # C20_MSR_PMON_BOX_FILTER
0x00000ef6 0x00000000ffffffff # C20_MSR_PMON_BOX_FILTER1
0x00000ef1 0x00000000ffffffff # C20_MSR_PMON_CTL0
0x00000ef2 0x00000000ffffffff # C20_MSR_PMON_CTL1
0x00000ef8 0x0000000000000000 # C20_MSR_PMON_CTR0
0x00000f05 0x0000000000000000 # C20_MSR_PMON_CTR1
0x00000efc 0x00000000ffffffff # C21_MSR_PMON_BOX_CTL
0x00000f01 0x00000000ffffffff # C21_MSR_PMON_BOX_FILTER
0x00000f02 0x00000000ffffffff # C21_MSR_PMON_BOX_FILTER1
0x00000efd 0x00000000ffffffff # C21_MSR_PMON_CTL0
0x00000efe 0x00000000ffffffff # C21_MSR_PMON_CTL1
0x00000f04 0x0000000000000000 # C21_MSR_PMON_CTR0
0x00000f11 0x0000000000000000 # C21_MSR_PMON_CTR1
0x00000f08 0x00000000ffffffff # C22_MSR_PMON_BOX_CTL
0x00000f0d 0x00000000ffffffff # C22_MSR_PMON_BOX_FILTER
0x00000f0e 0x00000000ffffffff # C22_MSR_PMON_BOX_FILTER1
0x00000f09 0x00000000ffffffff # C22_MSR_PMON_CTL0
0x00000f0a 0x00000000ffffffff # C22_MSR_PMON_CTL1
0x00000f10 0x0000000000000000 # C22_MSR_PMON_CTR0
0x00000f1d 0x0000000000000000 # C22_MSR_PMON_CTR1
0x00000f14 0x00000000ffffffff # C23_MSR_PMON_BOX_CTL
0x00000f19 0x00000000ffffffff # C23_MSR_PMON_BOX_FILTER
0x00000f1a 0x00000000ffffffff # C23_MSR_PMON_BOX_FILTER1
0x00000f15 0x00000000ffffffff # C23_MSR_PMON_CTL0
0x00000f16 0x00000000ffffffff # C23_MSR_PMON_CTL1
0x00000f1c 0x0000000000000000 # C23_MSR_PMON_CTR0
0x00000f29 0x0000000000000000 # C23_MSR_PMON_CTR1
0x00000f20 0x00000000ffffffff # C24_MSR_PMON_BOX_CTL
0x00000f25 0x00000000ffffffff # C24_MSR_PMON_BOX_FILTER
0x00000f26 0x00000000ffffffff # C24_MSR_PMON_BOX_FILTER1
0x00000f21 0x00000000ffffffff # C24_MSR_PMON_CTL0
0x00000f22 0x00000000ffffffff # C24_MSR_PMON_CTL1
0x00000f28 0x0000000000000000 # C24_MSR_PMON_CTR0
0x00000f35 0x0000000000000000 # C24_MSR_PMON_CTR1
0x00000f2c 0x00000000ffffffff # C25_MSR_PMON_BOX_CTL
0x00000f31 0x00000000ffffffff # C25_MSR_PMON_BOX_FILTER
0x00000f32 0x00000000ffffffff # C25_MSR_PMON_BOX_FILTER1
0x00000f2d 0x00000000ffffffff # C25_MSR_PMON_CTL0
0x00000f2e 0x00000000ffffffff # C25_MSR_PMON_CTL1
0x00000f34 0x0000000000000000 # C25_MSR_PMON_CTR0
0x00000f41 0x0000000000000000 # C25_MSR_PMON_CTR1
0x00000f38 0x00000000ffffffff # C26_MSR_PMON_BOX_CTL
0x00000f3d 0x00000000ffffffff # C26_MSR_PMON_BOX_FILTER
0x00000f3e 0x00000000ffffffff # C26_MSR_PMON_BOX_FILTER1
0x00000f39 0x00000000ffffffff # C26_MSR_PMON_CTL0
0x00000f3a 0x00000000ffffffff # C26_MSR_PMON_CTL1
0x00000f40 0x0000000000000000 # C26_MSR_PMON_CTR0
0x00000f4d 0x0000000000000000 # C26_MSR_PMON_CTR1
0x00000f44 0x00000000ffffffff # C27_MSR_PMON_BOX_CTL
0x00000f49 0x00000000ffffffff # C27_MSR_PMON_BOX_FILTER
0x00000f4a 0x00000000ffffffff # C27_MSR_PMON_BOX_FILTER1
0x00000f45 0x00000000ffffffff # C27_MSR_PMON_CTL0
0x00000f46 0x00000000ffffffff # C27_MSR_PMON_CTL1
0x00000f4c 0x0000000000000000 # C27_MSR_PMON_CTR0
0x00000f59 0x0000000000000000 # C27_MSR_PMON_CTR1
0x00000f50 0x00000000ffffffff # C28_MSR_PMON_BOX_CTL
0x00000f55 0x00000000ffffffff # C28_MSR_PMON_BOX_FILTER
0x00000f56 0x00000000ffffffff # C28_MSR_PMON_BOX_FILTER1
0x00000f51 0x00000000ffffffff # C28_MSR_PMON_CTL0
0x00000f52 0x00000000ffffffff # C28_MSR_PMON_CTL1
0x00000f58 0x0000000000000000 # C28_MSR_PMON_CTR0
0x00000f65 0x0000000000000000 # C28_MSR_PMON_CTR1
0x00000f5c 0x00000000ffffffff # C29_MSR_PMON_BOX_CTL
0x00000f61 0x00000000ffffffff # C29_MSR_PMON_BOX_FILTER
0x00000f62 0x00000000ffffffff # C29_MSR_PMON_BOX_FILTER1
0x00000f5d 0x00000000ffffffff # C29_MSR_PMON_CTL0
0x00000f5e 0x00000000ffffffff # C29_MSR_PMON_CTL1
0x00000f64 0x0000000000000000 # C29_MSR_PMON_CTR0
0x00000f71 0x0000000000000000 # C29_MSR_PMON_CTR1
0x00000f68 0x00000000ffffffff # C30_MSR_PMON_BOX_CTL
0x00000f6d 0x00000000ffffffff # C30_MSR_PMON_BOX_FILTER
0x00000f6e 0x00000000ffffffff # C30_MSR_PMON_BOX_FILTER1
0x00000f69 0x00000000ffffffff # C30_MSR_PMON_CTL0
0x00000f6a 0x00000000ffffffff # C30_MSR_PMON_CTL1
0x00000f70 0x0000000000000000 # C30_MSR_PMON_CTR0
0x00000f7d 0x0000000000000000 # C30_MSR_PMON_CTR1
0x00000f74 0x00000000ffffffff # C31_MSR_PMON_BOX_CTL
0x00000f79 0x00000000ffffffff # C31_MSR_PMON_BOX_FILTER
0x00000f7a 0x00000000ffffffff # C31_MSR_PMON_BOX_FILTER1
0x00000f75 0x00000000ffffffff # C31_MSR_PMON_CTL0
0x00000f76 0x00000000ffffffff # C31_MSR_PMON_CTL1
0x00000f7c 0x0000000000000000 # C31_MSR_PMON_CTR0
0x00000f89 0x0000000000000000 # C31_MSR_PMON_CTR1
0x00000f80 0x00000000ffffffff # C32_MSR_PMON_BOX_CTL
0x00000f85 0x00000000ffffffff # C32_MSR_PMON_BOX_FILTER
0x00000f86 0x00000000ffffffff # C32_MSR_PMON_BOX_FILTER1
0x00000f81 0x00000000ffffffff # C32_MSR_PMON_CTL0
0x00000f82 0x00000000ffffffff # C32_MSR_PMON_CTL1
0x00000f88 0x0000000000000000 # C32_MSR_PMON_CTR0
0x00000f95 0x0000000000000000 # C32_MSR_PMON_CTR1
0x00000f8c 0x00000000ffffffff # C33_MSR_PMON_BOX_CTL
0x00000f91 0x00000000ffffffff # C33_MSR_PMON_BOX_FILTER
0x00000f92 0x00000000ffffffff # C33_MSR_PMON_BOX_FILTER1
0x00000f8d 0x00000000ffffffff # C33_MSR_PMON_CTL0
0x00000f8e 0x00000000ffffffff # C33_MSR_PMON_CTL1
0x00000f94 0x0000000000000000 # C33_MSR_PMON_CTR0
0x00000fa1 0x0000000000000000 # C33_MSR_PMON_CTR1
0x00000f98 0x00000000ffffffff # C34_MSR_PMON_BOX_CTL
0x00000f9d 0x00000000ffffffff # C34_MSR_PMON_BOX_FILTER
0x00000f9e 0x00000000ffffffff # C34_MSR_PMON_BOX_FILTER1
0x00000f99 0x00000000ffffffff # C34_MSR_PMON_CTL0
0x00000f9a 0x00000000ffffffff # C34_MSR_PMON_CTL1
0x00000fa0 0x0000000000000000 # C34_MSR_PMON_CTR0
0x00000fad 0x0000000000000000 # C34_MSR_PMON_CTR1
0x00000fa4 0x00000000ffffffff # C35_MSR_PMON_BOX_CTL
0x00000fa9 0x00000000ffffffff # C35_MSR_PMON_BOX_FILTER
0x00000faa 0x00000000ffffffff # C35_MSR_PMON_BOX_FILTER1
0x00000fa5 0x00000000ffffffff # C35_MSR_PMON_CTL0
0x00000fa6 0x00000000ffffffff # C35_MSR_PMON_CTL1
0x00000fac 0x0000000000000000 # C35_MSR_PMON_CTR0
0x00000fb9 0x0000000000000000 # C35_MSR_PMON_CTR1
0x00000fb0 0x00000000ffffffff # C36_MSR_PMON_BOX_CTL
0x00000fb5 0x00000000ffffffff # C36_MSR_PMON_BOX_FILTER
0x00000fb6 0x00000000ffffffff # C36_MSR_PMON_BOX_FILTER1
0x00000fb1 0x00000000ffffffff # C36_MSR_PMON_CTL0
0x00000fb2 0x00000000ffffffff # C36_MSR_PMON_CTL1
0x00000fb8 0x0000000000000000 # C36_MSR_PMON_CTR0
0x00000fbc 0x00000000ffffffff # C37_MSR_PMON_BOX_CTL
0x00000fc1 0x00000000ffffffff # C37_MSR_PMON_BOX_FILTER
0x00000fc2 0x00000000ffffffff # C37_MSR_PMON_BOX_FILTER1
0x00000fbd 0x00000000ffffffff # C37_MSR_PMON_CTL0
0x00000fbe 0x00000000ffffffff # C37_MSR_PMON_CTL1
0x00000fc4 0x0000000000000000 # C37_MSR_PMON_CTR0
0x00000fc5 0x0000000000000000 # C37_MSR_PMON_CTR1
